---
source: tests/snapshot.rs
assertion_line: 233
expression: payload
---
{
  "findings": [
    {
      "evidence": [
        "10.10.0.20:23 (1 packet(s))"
      ],
      "id": "creds.telnet",
      "playbook": [
        "Treat any password used during the Telnet sessions to `10.10.0.20:23` as exposed. Plan a rotation with the on-shift engineer for those devices and any account whose credentials may be reused (a Telnet password on a switch is often the same engineer account used elsewhere).",
        "Migrate the listed devices to SSH where they support it. The asset inventory shows which hosts also speak the secure equivalent — use that as the starting list.",
        "For devices without a secure alternative (older Moxa serial servers, legacy HMIs, managed switches that only support Telnet), place behind a jump host on a hardened management VLAN. Document the exception with a revocation date.",
        "Record the credentials-exposed window in the change log so future investigations know which sessions to consider compromised. Capture window: see report header."
      ],
      "recommendation": "Migrate the device(s) to SSH if supported, or place behind a jump host. Rotate any passwords used during the session window.",
      "severity": "Critical",
      "summary": "1 Telnet packet(s) seen across 1 host(s). Credentials traversing these flows should be considered exposed.",
      "title": "Telnet session observed (cleartext by definition)"
    },
    {
      "evidence": [
        "10.10.0.5 -> 8.8.8.8:80 (tcp, 5 pkts, 600 bytes)"
      ],
      "id": "egress.ot_to_internet",
      "playbook": [
        "Identify the IT/OT gateway physically. The flows below traverse it — look at the asset inventory for hosts whose MACs appear on both sides of the boundary (a single MAC showing up for an OT IP and a public IP is the gateway interface).",
        "Pull the running config / ruleset from the gateway (firewall, L3 switch, or whatever serves as the OT boundary). Look for an explicit deny-all-by-default with named exceptions. The expected answer for a plant boundary is \"deny everything; allow these specific update servers / vendor cloud endpoints / time sources.\"",
        "Cross-reference each flow in the evidence against that ruleset. Any flow not covered by an explicit allow is either a missing rule or a control gap — both worth fixing.",
        "After the rules are tightened, log the changes in the change-management system and re-capture in 24 hours to confirm the egress is blocked."
      ],
      "recommendation": "Audit the IT/OT firewall ruleset. OT zones should only egress to specifically allowed update servers and vendor cloud endpoints, brokered through a DMZ with logging. Block, then add explicit allow rules.",
      "severity": "Critical",
      "summary": "Saw 1 distinct flow(s) (600 bytes total) from hosts inside the configured OT subnets to public internet addresses. Plant networks should be egress-restricted at the IT/OT boundary.",
      "title": "Internet-bound traffic from OT subnets"
    },
    {
      "evidence": [
        "10.10.0.5 -> 10.10.0.20:445 (12 SMBv1 packet(s))"
      ],
      "id": "compat.smbv1",
      "playbook": [
        "Identify the hosts physically: `10.10.0.5` and `10.10.0.20`. Walk each MAC to a switch port using the asset inventory's MAC for that host.",
        "For Windows hosts: disable SMB1 via Group Policy (Computer Configuration → Policies → Windows Settings → Security Settings → ...) or PowerShell (`Disable-WindowsOptionalFeature -Online -FeatureName SMB1Protocol`). After SMB1 is off, a host that legitimately needed it will fail loudly — better than failing silently.",
        "For embedded / OT-class devices that can only speak SMB1 (older Moxa NAS, legacy HMI file shares): isolate on a hardened management VLAN, document the exception with a decommission target date. Do not just leave it on the OT VLAN with no plan.",
        "Patch / decommission known-vulnerable Windows versions (Windows 7, Server 2008 / 2008 R2 without SMB1-disable) that depend on SMB1 for file shares. These are the hosts WannaCry-class malware actually pivoted through.",
        "Audit the OT-zone firewall ruleset for SMB allow rules between zones. SMB / CIFS file transfer should not cross the IT/OT boundary in either direction outside narrow, documented operational paths."
      ],
      "recommendation": "Identify the legacy hosts and migrate to SMBv2/v3 or retire. Disable SMB1 via Group Policy on Windows hosts. SMBv1 is the protocol EternalBlue / WannaCry exploited; its presence is a known-bad pattern.",
      "severity": "High",
      "summary": "12 SMBv1 packet(s) seen across 1 host pair(s). SMBv1 is deprecated, blocked by default in modern Windows, and a known exploitation surface (WannaCry / EternalBlue). Its presence indicates legacy clients, legacy servers, or both.",
      "title": "SMBv1 traffic on the wire"
    },
    {
      "evidence": [
        "10.10.0.5 -> 10.10.0.20 : SendRRData / Stop"
      ],
      "id": "ics.cip_engineering",
      "playbook": [
        "Identify the source host(s) physically: `10.10.0.5`. Use the same MAC-table approach as for the Modbus playbook. Engineering workstations running Studio 5000 / RSLogix or Rockwell Connected Components Workbench are the usual culprits.",
        "Lock controller keyswitches to RUN or REMOTE-ONLY where possible. Allen-Bradley ControlLogix, CompactLogix, and Micro800-series controllers physically refuse program downloads in those positions.",
        "In Studio 5000 (or the equivalent for your platform), pull the controller's audit log and download history for `10.10.0.20`. Look for unauthorized program downloads, online edits, or tag changes during the capture window.",
        "Limit which engineering workstations can reach controllers on tcp/44818 + udp/2222 via switch ACL or firewall rule. Engineering access should be a known-IP allow list, not \"everyone on the OT VLAN.\"",
        "If any unauthorized download is confirmed, treat as a controller-integrity incident. Plan a recovery window with operations to verify the running program against a known-good backup before resuming."
      ],
      "recommendation": "Limit which engineering workstations can talk to controllers on tcp/44818 + udp/2222. Lock controller keyswitches to RUN/REMOTE-ONLY where possible to refuse program downloads.",
      "severity": "High",
      "summary": "1 CIP engineering-class request(s) (Set/Reset/Start/Stop/Forward Open with config) seen across 1 pair(s). These services change controller configuration or run state.",
      "title": "EtherNet/IP CIP engineering-class services observed"
    },
    {
      "evidence": [
        "10.10.0.5 -> 10.10.0.20 : fc=0x05 (Write Single Coil)"
      ],
      "id": "ics.modbus_writes",
      "playbook": [
        "Identify the source host(s) physically: `10.10.0.5`. Run `show mac address-table address <mac>` on the access switch (or your switch vendor's equivalent), then walk the cable. The asset inventory in this report has the MAC for each host.",
        "Ask the on-shift control engineer whether `10.10.0.5` is the authorized Modbus master for `10.10.0.20`. Common authorized masters: SCADA servers, Niagara N4 supervisors, RTUs polling downstream PLCs. If yes, the finding is expected — but the host hygiene (other ports open on the asset inventory) is worth a separate look.",
        "Pull session / event logs from `10.10.0.20`. Most controllers can show which coil and register addresses were written, with timestamps. Cross-reference against change-management tickets covering the capture window.",
        "If the source is not an authorized writer, do NOT block at the switch yet. An unexpected ACL on a Modbus path is an availability event. Coordinate with operations first — schedule the change, run it past the control engineer.",
        "Once the unauthorized path is confirmed: ACL the switch port (or VLAN) so only the authorized writer can reach tcp/502 on the target controllers. Consider Modbus-aware filtering (DPI) in front of safety-critical PLCs."
      ],
      "recommendation": "Enumerate which hosts are allowed to write to controllers and ACL the rest at the switch/firewall. Consider Modbus-aware filtering (deep-packet inspection) in front of safety-critical PLCs.",
      "severity": "High",
      "summary": "1 write/diagnostic Modbus call(s) observed across 1 client→server pair(s). Modbus has no authentication; any host that can reach a controller on tcp/502 can change plant state.",
      "title": "Modbus engineering-class commands on the wire"
    },
    {
      "evidence": [
        "10.10.0.5 -> 10.10.0.20 : fc=0x1A (Request download)"
      ],
      "id": "ics.s7_engineering",
      "playbook": [
        "Identify the source host(s) physically: `10.10.0.5`. For TIA Portal / Step 7 Manager-class hosts, expect a Windows engineering laptop or a permanent PG.",
        "In TIA Portal, set the controller's access level on `10.10.0.20` to \"no access (complete protection)\" or \"read access\" — anything looser allows variable writes from anyone reaching tcp/102.",
        "Pull the controller diagnostic buffer for `10.10.0.20` (TIA Portal: Online & Diagnostics → Diagnostic Buffer). Look for download events, mode changes (RUN → STOP), and password-protection changes during the capture window.",
        "For S7-1500: enable Secure Communication with TLS and pin the controller's certificate. For S7-300/400 (no native TLS): physical keyswitch lock plus a switch-level ACL is the path.",
        "STOP commands or program downloads were seen — treat as a controller-integrity incident. Compare the running program against a known-good project backup before resuming production. Plan a recovery window with operations."
      ],
      "recommendation": "Limit which engineering workstations can talk to controllers on tcp/102. For S7-1500 / TIA Portal environments, set the controller access level to \"no access (complete protection)\" or \"read access\" and require known-fingerprint TLS via Secure Communication. For older S7-300/400, use switch ACLs and physically lock the keyswitch to RUN.",
      "severity": "High",
      "summary": "1 S7 engineering call(s) — 1 download op(s) across 1 client→server pair(s). S7Comm has no authentication; any host that can reach a controller on tcp/102 can read/write variables, download programs, or stop the CPU.",
      "title": "S7Comm engineering-class commands on the wire"
    },
    {
      "evidence": [
        "10.10.0.5 -> 8.8.8.8:53 (UDP/TCP, 100 packet(s))"
      ],
      "id": "boundary.dns_resolver",
      "playbook": [
        "Identify each source host's configured DNS server: `10.10.0.5`. On Windows: `ipconfig /all` shows DNS Servers per interface. On Linux: `/etc/resolv.conf` (or `systemd-resolve --status` on systemd hosts). Don't change anything yet — read-only check.",
        "Verify whether an in-zone resolver exists. The asset inventory in this report shows which OT hosts speak DNS — a host running a DNS server on the OT side will show up with `dns` in its protocol list. If one exists, the listed clients should point at it.",
        "If no in-zone resolver: stand one up in the OT zone (or a dedicated DMZ). Configure it with a strict upstream relationship — only resolves a known set of plant-relevant names; everything else fails closed. CoreDNS or BIND with a small zone file is the standard pattern here.",
        "Once OT clients are repointed at the in-zone resolver, add an outbound UDP/53 deny rule at the IT/OT firewall for OT subnets that aren't the resolver itself. This catches any host that gets reverted to its old config and prevents cross-zone DNS from being a quiet failure mode.",
        "Cross-reference the destination resolver IPs against your IT team's documented DNS infrastructure. If a host is querying a known public resolver (Google, Cloudflare, etc.) that's a different problem than querying an internal IT resolver — the public case is also caught by the egress finding; the internal case is a routing / config gap on the OT side."
      ],
      "recommendation": "Repoint OT hosts at an in-zone (or DMZ-relayed) DNS resolver. Add an outbound UDP/53 deny rule at the IT/OT boundary for everything except the sanctioned resolver(s).",
      "severity": "Medium",
      "summary": "1 OT host(s) sending DNS queries to resolvers outside the configured OT subnets (100 total query packet(s)). Cross-zone DNS leaks query patterns to the IT side and trusts an external resolver's answers. Both belong on the OT side under change control.",
      "title": "DNS queries to a non-OT resolver"
    },
    {
      "evidence": [
        "10.10.0.5 -> 10.10.0.20:443 : TLS 1.0 (4 hello(s))"
      ],
      "id": "compat.stale_tls",
      "playbook": [
        "Identify the source hosts and the services they're connecting to: `10.10.0.5`. A legacy TLS ClientHello almost always traces to one of: an older Java runtime, a Windows host with TLS 1.0/1.1 still enabled in Schannel, or an embedded device whose firmware predates TLS 1.2.",
        "For Windows clients: confirm TLS 1.2+ is enabled and TLS 1.0 / TLS 1.1 / SSL 3.0 are disabled in Schannel registry settings (HKLM\\SYSTEM\\CurrentControlSet\\Control\\SecurityProviders\\SCHANNEL\\Protocols). Microsoft has a tested registry script for this — use that, don't hand-edit.",
        "For services / servers: upgrade the TLS implementation. If it's an embedded device that only supports TLS 1.0 (older Moxa, older Schneider HMIs), put it behind a TLS-terminating reverse proxy that speaks modern TLS to clients.",
        "Treat any captured authentication traffic from these connections as suspect — cipher suites available with TLS 1.0/1.1 are vulnerable to known attacks (BEAST, POODLE, downgrade-to-RC4). Rotate any credentials or session tokens that crossed these flows.",
        "Audit the firewall ruleset for outbound TLS to legacy services on OT — the modern answer is \"only allow tcp/443 to a known set of update servers and vendor cloud endpoints, all of which speak TLS 1.2+.\""
      ],
      "recommendation": "Identify the source clients and services. Modern Windows blocks TLS 1.0/1.1 by default; their presence indicates legacy clients (older Java, embedded devices) or services worth replacing. Cipher suites available at these versions are vulnerable to BEAST / POODLE / downgrade attacks.",
      "severity": "Medium",
      "summary": "4 ClientHello(s) using deprecated TLS versions seen across 1 host pair(s): TLS 1.0 (4 hello(s)). These versions are deprecated and blocked by default in modern Windows / browsers. Their presence indicates legacy clients (older Java runtimes, embedded devices) or legacy services.",
      "title": "Deprecated TLS versions observed (SSL 3.0 / TLS 1.0 / 1.1)"
    }
  ],
  "inventory": [
    {
      "bytes": 24000,
      "hostname": "ENG-WS-01",
      "in_ot_zone": true,
      "ip": "10.10.0.5",
      "mac": "AA:BB:CC:DD:EE:01",
      "packets": 250,
      "protocols": [
        "modbus",
        "smb"
      ],
      "role": "Hmi",
      "vendor": null
    },
    {
      "bytes": 24000,
      "hostname": "PLC-LINE3",
      "in_ot_zone": true,
      "ip": "10.10.0.20",
      "mac": "00:1B:1B:11:22:33",
      "packets": 250,
      "protocols": [
        "modbus"
      ],
      "role": "Plc",
      "vendor": "Siemens"
    },
    {
      "bytes": 600,
      "hostname": null,
      "in_ot_zone": false,
      "ip": "8.8.8.8",
      "mac": "AA:BB:CC:DD:EE:99",
      "packets": 5,
      "protocols": [
        "http"
      ],
      "role": "Unknown",
      "vendor": null
    }
  ]
}
